2025-10-09 00:25:57,875 WARN For [program:hedgefund-daemon], redirect_stderr=true but stderr_logfile has also been set to a filename, the filename has been ignored
2025-10-09 00:25:57,876 INFO RPC interface 'supervisor' initialized
2025-10-09 00:25:57,876 CRIT Server 'unix_http_server' running without any HTTP authentication checking
2025-10-09 00:25:57,877 INFO daemonizing the supervisord process
2025-10-09 00:25:57,877 INFO supervisord started with pid 651816
2025-10-09 00:25:58,879 INFO spawned: 'hedgefund-daemon' with pid 651838
2025-10-09 00:25:59,923 INFO success: hedgefund-daemon entered RUNNING state, process has stayed up for > than 1 seconds (startsecs)
2025-10-09 00:29:50,053 WARN exited: hedgefund-daemon (terminated by SIGKILL; not expected)
2025-10-09 00:29:51,054 INFO spawned: 'hedgefund-daemon' with pid 653932
2025-10-09 00:29:52,662 INFO success: hedgefund-daemon entered RUNNING state, process has stayed up for > than 1 seconds (startsecs)
2025-10-09 00:31:52,460 WARN For [program:hedgefund-daemon], redirect_stderr=true but stderr_logfile has also been set to a filename, the filename has been ignored
2025-10-09 00:32:00,527 WARN exited: hedgefund-daemon (terminated by SIGKILL; not expected)
2025-10-09 00:32:01,529 INFO spawned: 'hedgefund-daemon' with pid 655123
2025-10-09 00:32:02,758 INFO success: hedgefund-daemon entered RUNNING state, process has stayed up for > than 1 seconds (startsecs)
2025-10-09 00:32:03,275 WARN For [program:hedgefund-daemon], redirect_stderr=true but stderr_logfile has also been set to a filename, the filename has been ignored
2025-10-09 00:32:20,683 WARN For [program:hedgefund-daemon], redirect_stderr=true but stderr_logfile has also been set to a filename, the filename has been ignored
2025-10-09 00:32:36,881 WARN exited: hedgefund-daemon (terminated by SIGKILL; not expected)
2025-10-09 00:32:37,883 INFO spawned: 'hedgefund-daemon' with pid 655564
2025-10-09 00:32:39,122 INFO success: hedgefund-daemon entered RUNNING state, process has stayed up for > than 1 seconds (startsecs)
2025-10-09 00:32:42,927 WARN exited: hedgefund-daemon (terminated by SIGKILL; not expected)
2025-10-09 00:32:43,929 INFO spawned: 'hedgefund-daemon' with pid 655696
2025-10-09 00:32:45,148 INFO success: hedgefund-daemon entered RUNNING state, process has stayed up for > than 1 seconds (startsecs)
2025-10-09 00:32:48,622 WARN exited: hedgefund-daemon (terminated by SIGKILL; not expected)
2025-10-09 00:32:49,623 INFO spawned: 'hedgefund-daemon' with pid 655823
2025-10-09 00:32:50,841 INFO success: hedgefund-daemon entered RUNNING state, process has stayed up for > than 1 seconds (startsecs)
2025-10-09 00:33:55,724 INFO waiting for hedgefund-daemon to die
2025-10-09 00:33:58,728 WARN received SIGTERM indicating exit request
2025-10-09 00:33:58,728 INFO waiting for hedgefund-daemon to die
2025-10-09 00:34:01,730 INFO waiting for hedgefund-daemon to die
2025-10-09 00:34:04,733 INFO waiting for hedgefund-daemon to die
2025-10-09 00:34:05,734 WARN killing 'hedgefund-daemon' (655823) with SIGKILL
2025-10-09 00:34:06,743 WARN stopped: hedgefund-daemon (terminated by SIGKILL)
2025-10-09 00:37:56,892 WARN For [program:hedgefund-daemon], redirect_stderr=true but stderr_logfile has also been set to a filename, the filename has been ignored
2025-10-09 00:37:56,893 INFO RPC interface 'supervisor' initialized
2025-10-09 00:37:56,893 CRIT Server 'unix_http_server' running without any HTTP authentication checking
2025-10-09 00:37:56,894 INFO daemonizing the supervisord process
2025-10-09 00:37:56,894 INFO supervisord started with pid 658608
2025-10-09 00:37:57,896 INFO spawned: 'hedgefund-daemon' with pid 658624
2025-10-09 00:37:58,940 INFO success: hedgefund-daemon entered RUNNING state, process has stayed up for > than 1 seconds (startsecs)
2025-10-09 00:40:10,644 WARN exited: hedgefund-daemon (terminated by SIGKILL; not expected)
2025-10-09 00:40:10,704 WARN For [program:hedgefund-daemon], redirect_stderr=true but stderr_logfile has also been set to a filename, the filename has been ignored
2025-10-09 00:40:10,706 INFO spawned: 'hedgefund-daemon' with pid 659608
2025-10-09 00:40:11,949 INFO success: hedgefund-daemon entered RUNNING state, process has stayed up for > than 1 seconds (startsecs)
2025-10-09 00:40:17,854 WARN For [program:hedgefund-daemon], redirect_stderr=true but stderr_logfile has also been set to a filename, the filename has been ignored
2025-10-09 00:40:17,855 WARN exited: hedgefund-daemon (terminated by SIGKILL; not expected)
2025-10-09 00:40:17,857 INFO spawned: 'hedgefund-daemon' with pid 659825
2025-10-09 00:40:19,120 INFO success: hedgefund-daemon entered RUNNING state, process has stayed up for > than 1 seconds (startsecs)
2025-10-09 00:40:44,168 WARN exited: hedgefund-daemon (terminated by SIGKILL; not expected)
2025-10-09 00:40:45,170 INFO spawned: 'hedgefund-daemon' with pid 660145
2025-10-09 00:40:46,482 INFO success: hedgefund-daemon entered RUNNING state, process has stayed up for > than 1 seconds (startsecs)
2025-10-09 00:41:25,182 WARN exited: hedgefund-daemon (terminated by SIGKILL; not expected)
2025-10-09 00:41:25,243 WARN For [program:hedgefund-daemon], redirect_stderr=true but stderr_logfile has also been set to a filename, the filename has been ignored
2025-10-09 00:41:25,244 INFO spawned: 'hedgefund-daemon' with pid 660544
2025-10-09 00:41:26,479 INFO success: hedgefund-daemon entered RUNNING state, process has stayed up for > than 1 seconds (startsecs)
2025-10-09 15:50:05,228 WARN For [program:hedgefund-daemon], redirect_stderr=true but stderr_logfile has also been set to a filename, the filename has been ignored
2025-10-09 15:50:05,229 WARN exited: hedgefund-daemon (terminated by SIGKILL; not expected)
2025-10-09 15:50:05,231 INFO spawned: 'hedgefund-daemon' with pid 989465
2025-10-09 15:50:06,470 INFO success: hedgefund-daemon entered RUNNING state, process has stayed up for > than 1 seconds (startsecs)
2025-10-09 15:50:31,612 WARN received SIGTERM indicating exit request
2025-10-09 15:50:31,612 INFO waiting for hedgefund-daemon to die
2025-10-09 15:50:33,271 WARN For [program:hedgefund-daemon], redirect_stderr=true but stderr_logfile has also been set to a filename, the filename has been ignored
2025-10-09 15:50:33,272 INFO RPC interface 'supervisor' initialized
2025-10-09 15:50:33,272 CRIT Server 'unix_http_server' running without any HTTP authentication checking
2025-10-09 15:50:33,273 INFO daemonizing the supervisord process
2025-10-09 15:50:33,273 INFO supervisord started with pid 989846
2025-10-09 15:50:34,275 INFO spawned: 'hedgefund-daemon' with pid 989848
2025-10-09 15:50:34,616 INFO waiting for hedgefund-daemon to die
2025-10-09 15:50:35,319 INFO success: hedgefund-daemon entered RUNNING state, process has stayed up for > than 1 seconds (startsecs)
2025-10-09 15:50:37,618 INFO waiting for hedgefund-daemon to die
2025-10-09 15:50:40,621 INFO waiting for hedgefund-daemon to die
2025-10-09 15:50:41,622 WARN killing 'hedgefund-daemon' (989465) with SIGKILL
2025-10-09 15:50:41,629 WARN stopped: hedgefund-daemon (terminated by SIGKILL)
2025-10-09 15:51:16,689 WARN received SIGTERM indicating exit request
2025-10-09 15:51:16,689 INFO waiting for hedgefund-daemon to die
2025-10-09 15:51:17,540 WARN For [program:hedgefund-daemon], redirect_stderr=true but stderr_logfile has also been set to a filename, the filename has been ignored
2025-10-09 15:51:17,541 INFO RPC interface 'supervisor' initialized
2025-10-09 15:51:17,541 CRIT Server 'unix_http_server' running without any HTTP authentication checking
2025-10-09 15:51:17,542 INFO daemonizing the supervisord process
2025-10-09 15:51:17,542 INFO supervisord started with pid 990451
2025-10-09 15:51:18,544 INFO spawned: 'hedgefund-daemon' with pid 990454
2025-10-09 15:51:19,588 INFO success: hedgefund-daemon entered RUNNING state, process has stayed up for > than 1 seconds (startsecs)
2025-10-09 15:51:19,693 INFO waiting for hedgefund-daemon to die
2025-10-09 15:51:22,696 INFO waiting for hedgefund-daemon to die
2025-10-09 15:51:25,699 INFO waiting for hedgefund-daemon to die
2025-10-09 15:51:26,701 WARN killing 'hedgefund-daemon' (989848) with SIGKILL
2025-10-09 15:51:27,707 WARN stopped: hedgefund-daemon (terminated by SIGKILL)
2025-10-09 15:51:46,120 WARN received SIGTERM indicating exit request
2025-10-09 15:51:46,120 INFO waiting for hedgefund-daemon to die
2025-10-09 15:51:49,123 INFO waiting for hedgefund-daemon to die
2025-10-09 15:51:52,126 INFO waiting for hedgefund-daemon to die
2025-10-09 15:51:55,129 INFO waiting for hedgefund-daemon to die
2025-10-09 15:51:56,130 WARN killing 'hedgefund-daemon' (990454) with SIGKILL
2025-10-09 15:51:57,138 WARN stopped: hedgefund-daemon (terminated by SIGKILL)
2025-10-09 15:52:13,151 WARN For [program:hedgefund-daemon], redirect_stderr=true but stderr_logfile has also been set to a filename, the filename has been ignored
2025-10-09 15:52:13,153 INFO RPC interface 'supervisor' initialized
2025-10-09 15:52:13,153 CRIT Server 'unix_http_server' running without any HTTP authentication checking
2025-10-09 15:52:13,153 INFO daemonizing the supervisord process
2025-10-09 15:52:13,153 INFO supervisord started with pid 990971
2025-10-09 15:52:14,155 INFO spawned: 'hedgefund-daemon' with pid 990974
2025-10-09 15:52:15,200 INFO success: hedgefund-daemon entered RUNNING state, process has stayed up for > than 1 seconds (startsecs)
2025-10-26 10:33:05,431 WARN exited: hedgefund-daemon (terminated by SIGKILL; not expected)
2025-10-26 10:33:06,681 INFO spawned: 'hedgefund-daemon' with pid 3479808
2025-10-26 10:33:07,705 INFO success: hedgefund-daemon entered RUNNING state, process has stayed up for > than 1 seconds (startsecs)
2025-10-26 10:33:18,045 WARN exited: hedgefund-daemon (terminated by SIGKILL; not expected)
2025-10-26 10:33:19,653 INFO spawned: 'hedgefund-daemon' with pid 3479988
2025-10-26 10:33:20,890 INFO success: hedgefund-daemon entered RUNNING state, process has stayed up for > than 1 seconds (startsecs)
